// Jest Snapshot v1, https://goo.gl/fbAQLP

exports[`Button component should generate snapshot 1`] = `
<View
  style={
    [
      {
        "padding": 8,
      },
      undefined,
    ]
  }
>
  <Text
    style={
      {
        "color": "#59695C",
        "fontSize": 12,
      }
    }
  >
    Category
  </Text>
  <Text
    style={
      [
        {
          "color": "#162C1B",
          "fontSize": 16,
        },
        undefined,
      ]
    }
  >
    some calue 1234
  </Text>
</View>
`;

exports[`CategoryValueText component should generate snapshot 1`] = `
<View
  style={
    [
      {
        "padding": 8,
      },
      undefined,
    ]
  }
>
  <Text
    style={
      {
        "color": "#59695C",
        "fontSize": 12,
      }
    }
  >
    Category
  </Text>
  <Text
    style={
      [
        {
          "color": "#162C1B",
          "fontSize": 16,
        },
        undefined,
      ]
    }
  >
    some calue 1234
  </Text>
</View>
`;
